 04-17 08:56:19.254 I/app3c   (2): Hello APICloud at index.html : 34
 04-17 08:56:19.262 W/app3c   (3): $api.fixStatusBar Function need el param, el param must be DOM Element at api.js : 498
 04-17 09:05:47.563 I/app3c   (2): Hello APICloud at index.html : 34
 04-17 09:05:47.566 W/app3c   (3): $api.fixStatusBar Function need el param, el param must be DOM Element at api.js : 498
 04-17 09:05:48.259 E/app3c   (1): Uncaught ReferenceError: api is not defined at frame0.html : 203
 04-17 09:06:15.170 I/app3c   (2): Hello APICloud at index.html : 34
 04-17 09:06:15.175 W/app3c   (3): $api.fixStatusBar Function need el param, el param must be DOM Element at api.js : 498
 04-17 09:06:15.795 E/app3c   (1): Uncaught ReferenceError: api is not defined at frame0.html : 217
 04-17 09:06:37.300 E/app3c   (1): Uncaught ReferenceError: api is not defined at frame0.html : 219
 04-17 09:08:41.318 I/app3c   (2): Hello APICloud at index.html : 34
 04-17 09:08:41.361 W/app3c   (3): $api.fixStatusBar Function need el param, el param must be DOM Element at api.js : 498
 04-17 09:08:46.227 E/app3c   (1): Uncaught TypeError: Cannot read property 'openScanner' of undefined at frame0.html : 232
 04-17 09:09:28.324 I/app3c   (2): Hello APICloud at index.html : 34
 04-17 09:09:28.343 W/app3c   (3): $api.fixStatusBar Function need el param, el param must be DOM Element at api.js : 498
 04-17 09:09:29.027 E/app3c   (1): Uncaught ReferenceError: api is not defined at frame0.html : 217
 04-17 09:09:48.203 I/app3c   (2): Hello APICloud at index.html : 34
 04-17 09:09:48.215 W/app3c   (3): $api.fixStatusBar Function need el param, el param must be DOM Element at api.js : 498
 04-17 09:09:55.483 I/app3c   (2): Hello APICloud at index.html : 34
 04-17 09:09:55.487 W/app3c   (3): $api.fixStatusBar Function need el param, el param must be DOM Element at api.js : 498
 04-17 09:10:29.267 I/app3c   (2): Hello APICloud at index.html : 34
 04-17 09:10:29.467 W/app3c   (3): $api.fixStatusBar Function need el param, el param must be DOM Element at api.js : 498
 04-17 09:10:30.274 E/app3c   (1): Uncaught ReferenceError: api is not defined at frame0.html : 217
 04-17 09:11:02.019 I/app3c   (2): Hello APICloud at index.html : 34
 04-17 09:11:02.020 W/app3c   (3): $api.fixStatusBar Function need el param, el param must be DOM Element at api.js : 498
 04-17 09:11:02.382 E/app3c   (1): Uncaught ReferenceError: map is not defined at frame0.html : 218
 04-17 09:13:22.941 I/app3c   (2): Hello APICloud at index.html : 34
 04-17 09:13:22.947 W/app3c   (3): $api.fixStatusBar Function need el param, el param must be DOM Element at api.js : 498
 04-17 09:13:23.635 E/app3c   (1): Uncaught ReferenceError: api is not defined at frame0.html : 217
 04-17 09:14:08.882 I/app3c   (2): Hello APICloud at index.html : 34
 04-17 09:14:08.888 W/app3c   (3): $api.fixStatusBar Function need el param, el param must be DOM Element at api.js : 498
 04-17 09:14:09.616 E/app3c   (1): Uncaught ReferenceError: api is not defined at frame0.html : 217
 04-17 09:14:38.086 I/app3c   (2): Hello APICloud at index.html : 34
 04-17 09:14:38.110 W/app3c   (3): $api.fixStatusBar Function need el param, el param must be DOM Element at api.js : 498
 04-17 09:14:38.900 E/app3c   (1): Uncaught ReferenceError: api is not defined at frame0.html : 217
 04-17 09:14:45.010 I/app3c   (2): Hello APICloud at index.html : 34
 04-17 09:14:45.045 W/app3c   (3): $api.fixStatusBar Function need el param, el param must be DOM Element at api.js : 498
 04-17 09:14:45.762 E/app3c   (1): Uncaught ReferenceError: api is not defined at frame0.html : 217
 04-17 09:15:52.716 I/app3c   (2): Hello APICloud at index.html : 34
 04-17 09:15:52.760 W/app3c   (3): $api.fixStatusBar Function need el param, el param must be DOM Element at api.js : 498
 04-17 09:15:57.935 E/app3c   (1): Uncaught TypeError: Cannot read property 'openScanner' of undefined at frame0.html : 244
 04-17 09:16:02.072 E/app3c   (1): Uncaught TypeError: Cannot read property 'openScanner' of undefined at frame0.html : 244
 04-17 09:16:15.747 I/app3c   (2): Hello APICloud at index.html : 34
 04-17 09:16:15.752 W/app3c   (3): $api.fixStatusBar Function need el param, el param must be DOM Element at api.js : 498
 04-17 09:16:37.231 I/app3c   (2): Hello APICloud at index.html : 34
 04-17 09:16:37.233 W/app3c   (3): $api.fixStatusBar Function need el param, el param must be DOM Element at api.js : 498
 04-17 09:17:13.814 I/app3c   (2): Hello APICloud at index.html : 34
 04-17 09:17:13.819 W/app3c   (3): $api.fixStatusBar Function need el param, el param must be DOM Element at api.js : 498
 04-17 09:17:25.167 I/app3c   (2): Hello APICloud at index.html : 34
 04-17 09:17:25.173 W/app3c   (3): $api.fixStatusBar Function need el param, el param must be DOM Element at api.js : 498
 04-17 09:33:46.931 I/app3c   (2): Hello APICloud at index.html : 34
 04-17 09:33:46.935 W/app3c   (3): $api.fixStatusBar Function need el param, el param must be DOM Element at api.js : 498
 04-17 09:34:13.868 I/app3c   (2): Hello APICloud at index.html : 34
 04-17 09:34:13.876 W/app3c   (3): $api.fixStatusBar Function need el param, el param must be DOM Element at api.js : 498
 04-17 09:45:06.183 I/app3c   (2): Hello APICloud at index.html : 34
 04-17 09:45:06.204 W/app3c   (3): $api.fixStatusBar Function need el param, el param must be DOM Element at api.js : 498
 04-17 09:46:49.379 I/app3c   (2): Hello APICloud at index.html : 34
 04-17 09:46:49.383 W/app3c   (3): $api.fixStatusBar Function need el param, el param must be DOM Element at api.js : 498
 04-17 10:23:12.070 I/app3c   (2): Hello APICloud at index.html : 34
 04-17 10:23:12.078 W/app3c   (3): $api.fixStatusBar Function need el param, el param must be DOM Element at api.js : 498
 04-17 11:16:40.965 I/app3c   (2): Hello APICloud at index.html : 34
 04-17 11:16:40.968 W/app3c   (3): $api.fixStatusBar Function need el param, el param must be DOM Element at api.js : 498
 04-17 11:16:41.497 W/app3c   (3): A Parser-blocking, cross-origin script, http://api.map.baidu.com/getscript?v=2.0&ak=WoCQ2796XXyrHr0P81nDA6yoYUUEifdW&services=&t=20170411141812, is invoked via document.write. This may be blocked by the browser if the device has poor network connectivity. See https://www.chromestatus.com/feature/5718547946799104 for more details. at api.txt : 1
 04-17 11:16:41.502 W/app3c   (3): A Parser-blocking, cross-origin script, http://api.map.baidu.com/getscript?v=2.0&ak=WoCQ2796XXyrHr0P81nDA6yoYUUEifdW&services=&t=20170411141812, is invoked via document.write. This may be blocked by the browser if the device has poor network connectivity. See https://www.chromestatus.com/feature/5718547946799104 for more details. at api.txt : 1
 04-17 11:18:50.976 I/app3c   (2):  at allAreaSupermarket_page.html : 278
 04-17 11:18:50.988 I/app3c   (2): [object Object] at allAreaSupermarket_page.html : 279
 04-17 11:20:37.024 I/app3c   (2): Hello APICloud at index.html : 34
 04-17 11:20:37.050 W/app3c   (3): $api.fixStatusBar Function need el param, el param must be DOM Element at api.js : 498
 04-17 11:20:50.073 I/app3c   (2):  at allAreaSupermarket_page.html : 276
 04-17 11:20:50.074 I/app3c   (2): [object Object] at allAreaSupermarket_page.html : 277
 04-17 11:21:07.284 I/app3c   (2): Hello APICloud at index.html : 34
 04-17 11:21:07.300 W/app3c   (3): $api.fixStatusBar Function need el param, el param must be DOM Element at api.js : 498
 04-17 11:21:17.112 I/app3c   (2):  at allAreaSupermarket_page.html : 266
 04-17 11:21:17.134 I/app3c   (2): [object Object] at allAreaSupermarket_page.html : 267
 04-17 11:21:21.107 I/app3c   (2):  at allAreaSupermarket_page.html : 266
 04-17 11:21:21.154 I/app3c   (2): [object Object] at allAreaSupermarket_page.html : 267
 04-17 11:23:35.264 I/app3c   (2):  at allAreaSupermarket_page.html : 266
 04-17 11:23:35.319 I/app3c   (2): [object Object] at allAreaSupermarket_page.html : 267
 04-17 11:32:20.496 I/app3c   (2): Hello APICloud at index.html : 34
 04-17 11:32:20.501 W/app3c   (3): $api.fixStatusBar Function need el param, el param must be DOM Element at api.js : 498
 04-17 11:32:28.765 I/app3c   (2):  at allAreaSupermarket_page.html : 266
 04-17 11:32:28.796 I/app3c   (2): [object Object] at allAreaSupermarket_page.html : 267
 04-17 11:32:30.979 I/app3c   (2):  at allAreaSupermarket_page.html : 266
 04-17 11:32:30.982 I/app3c   (2): [object Object] at allAreaSupermarket_page.html : 267
 04-17 11:32:38.522 I/app3c   (2): Hello APICloud at index.html : 34
 04-17 11:32:38.532 W/app3c   (3): $api.fixStatusBar Function need el param, el param must be DOM Element at api.js : 498
 04-17 11:32:47.610 I/app3c   (2):  at allAreaSupermarket_page.html : 266
 04-17 11:32:47.611 I/app3c   (2): [object Object] at allAreaSupermarket_page.html : 267
 04-17 11:33:09.463 I/app3c   (2):  at allAreaSupermarket_page.html : 266
 04-17 11:33:09.495 I/app3c   (2): [object Object] at allAreaSupermarket_page.html : 267
 04-17 11:34:07.585 I/app3c   (2):  at allAreaSupermarket_page.html : 266
 04-17 11:34:07.587 I/app3c   (2): [object Object] at allAreaSupermarket_page.html : 267
 04-17 11:34:07.773 I/app3c   (2):  at allAreaSupermarket_page.html : 266
 04-17 11:34:07.984 I/app3c   (2): [object Object] at allAreaSupermarket_page.html : 267
 04-17 11:34:09.628 I/app3c   (2):  at allAreaSupermarket_page.html : 266
 04-17 11:34:09.629 I/app3c   (2): [object Object] at allAreaSupermarket_page.html : 267
 04-17 13:49:39.792 I/app3c   (2):  at allAreaSupermarket_page.html : 266
 04-17 13:49:39.931 I/app3c   (2): [object Object] at allAreaSupermarket_page.html : 267
 04-17 13:50:06.476 I/app3c   (2):  at allAreaSupermarket_page.html : 266
 04-17 13:50:06.485 I/app3c   (2): [object Object] at allAreaSupermarket_page.html : 267
 04-17 13:50:21.428 I/app3c   (2):  at allAreaSupermarket_page.html : 266
 04-17 13:50:21.436 I/app3c   (2): [object Object] at allAreaSupermarket_page.html : 267
 04-17 13:50:23.516 I/app3c   (2):  at allAreaSupermarket_page.html : 266
 04-17 13:50:23.517 I/app3c   (2): [object Object] at allAreaSupermarket_page.html : 267
 04-17 13:50:25.528 I/app3c   (2):  at allAreaSupermarket_page.html : 266
 04-17 13:50:25.535 I/app3c   (2): [object Object] at allAreaSupermarket_page.html : 267
 04-17 13:50:43.790 I/app3c   (2):  at allAreaSupermarket_page.html : 266
 04-17 13:50:43.791 I/app3c   (2): [object Object] at allAreaSupermarket_page.html : 267
 04-17 13:51:06.925 I/app3c   (2): Hello APICloud at index.html : 34
 04-17 13:51:06.941 W/app3c   (3): $api.fixStatusBar Function need el param, el param must be DOM Element at api.js : 498
 04-17 13:51:18.653 I/app3c   (2): Hello APICloud at index.html : 34
 04-17 13:51:20.761 W/app3c   (3): $api.fixStatusBar Function need el param, el param must be DOM Element at api.js : 498
 04-17 13:51:28.848 I/app3c   (2):  at allAreaSupermarket_page.html : 266
 04-17 13:51:28.848 I/app3c   (2): [object Object] at allAreaSupermarket_page.html : 267
 04-17 13:51:40.827 I/app3c   (2):  at allAreaSupermarket_page.html : 266
 04-17 13:51:40.837 I/app3c   (2): [object Object] at allAreaSupermarket_page.html : 267
 04-17 13:53:09.922 I/app3c   (2):  at allAreaSupermarket_page.html : 266
 04-17 13:53:09.922 I/app3c   (2): [object Object] at allAreaSupermarket_page.html : 267
 04-17 14:00:52.796 E/app3c   (1): Uncaught TypeError: Cannot read property 'screenShot' of undefined at commodity_details_windows.html : 174
 04-17 14:01:01.013 E/app3c   (1): Uncaught TypeError: Cannot read property 'screenShot' of undefined at commodity_details_windows.html : 174
 04-17 14:01:10.139 E/app3c   (1): Uncaught TypeError: Cannot read property 'screenShot' of undefined at commodity_details_windows.html : 174
 04-17 14:01:23.296 E/app3c   (1): Uncaught TypeError: Cannot read property 'screenShot' of undefined at commodity_details_windows.html : 174
 04-17 14:02:40.298 E/app3c   (1): Uncaught TypeError: Cannot read property 'screenShot' of undefined at commodity_details_windows.html : 174
 04-17 14:02:55.026 E/app3c   (1): Uncaught TypeError: Cannot read property 'screenShot' of undefined at commodity_details_windows.html : 174
 04-17 14:04:45.091 I/app3c   (2):  at allAreaSupermarket_page.html : 266
 04-17 14:04:45.103 I/app3c   (2): [object Object] at allAreaSupermarket_page.html : 267
 04-17 14:04:49.153 I/app3c   (2):  at allAreaSupermarket_page.html : 266
 04-17 14:04:49.159 I/app3c   (2): [object Object] at allAreaSupermarket_page.html : 267
 04-17 14:04:54.332 I/app3c   (2):  at allAreaSupermarket_page.html : 266
 04-17 14:04:54.343 I/app3c   (2): [object Object] at allAreaSupermarket_page.html : 267
 04-17 14:04:58.969 I/app3c   (2):  at allAreaSupermarket_page.html : 266
 04-17 14:04:58.982 I/app3c   (2): [object Object] at allAreaSupermarket_page.html : 267
 04-17 14:05:00.974 I/app3c   (2):  at allAreaSupermarket_page.html : 266
 04-17 14:05:00.976 I/app3c   (2): [object Object] at allAreaSupermarket_page.html : 267
 04-17 14:05:11.444 I/app3c   (2):  at allAreaSupermarket_page.html : 266
 04-17 14:05:11.448 I/app3c   (2): [object Object] at allAreaSupermarket_page.html : 267
 04-17 14:05:23.425 I/app3c   (2):  at allAreaSupermarket_page.html : 266
 04-17 14:05:23.425 I/app3c   (2): [object Object] at allAreaSupermarket_page.html : 267
 04-17 14:09:00.314 I/app3c   (2):  at allAreaSupermarket_page.html : 266
 04-17 14:09:00.326 I/app3c   (2): [object Object] at allAreaSupermarket_page.html : 267
 04-17 14:14:45.978 I/app3c   (2): Hello APICloud at index.html : 34
 04-17 14:14:45.998 W/app3c   (3): $api.fixStatusBar Function need el param, el param must be DOM Element at api.js : 498
 04-17 14:15:03.440 I/app3c   (2): Hello APICloud at index.html : 34
 04-17 14:15:03.711 W/app3c   (3): $api.fixStatusBar Function need el param, el param must be DOM Element at api.js : 498
 04-17 14:15:24.972 I/app3c   (2): Hello APICloud at index.html : 34
 04-17 14:15:24.976 W/app3c   (3): $api.fixStatusBar Function need el param, el param must be DOM Element at api.js : 498
 04-17 14:15:33.036 I/app3c   (2): Hello APICloud at index.html : 34
 04-17 14:15:33.050 W/app3c   (3): $api.fixStatusBar Function need el param, el param must be DOM Element at api.js : 498
 04-17 14:16:01.209 I/app3c   (2): Hello APICloud at index.html : 34
 04-17 14:16:01.227 W/app3c   (3): $api.fixStatusBar Function need el param, el param must be DOM Element at api.js : 498
 04-17 14:16:08.972 I/app3c   (2):  at allAreaSupermarket_page.html : 266
 04-17 14:16:08.972 I/app3c   (2): [object Object] at allAreaSupermarket_page.html : 267
 04-17 14:16:14.076 I/app3c   (2): Hello APICloud at index.html : 34
 04-17 14:16:14.080 W/app3c   (3): $api.fixStatusBar Function need el param, el param must be DOM Element at api.js : 498
 04-17 14:16:20.953 I/app3c   (2):  at allAreaSupermarket_page.html : 266
 04-17 14:16:20.954 I/app3c   (2): [object Object] at allAreaSupermarket_page.html : 267
 04-17 14:16:58.472 I/app3c   (2):  at allAreaSupermarket_page.html : 266
 04-17 14:16:58.473 I/app3c   (2): [object Object] at allAreaSupermarket_page.html : 267
 04-17 14:17:32.437 I/app3c   (2):  at allAreaSupermarket_page.html : 266
 04-17 14:17:32.440 I/app3c   (2): [object Object] at allAreaSupermarket_page.html : 267
 04-17 14:19:01.537 I/app3c   (2):  at allAreaSupermarket_page.html : 266
 04-17 14:19:01.540 I/app3c   (2): [object Object] at allAreaSupermarket_page.html : 267
 04-17 14:22:54.066 I/app3c   (2): Hello APICloud at index.html : 34
 04-17 14:22:54.084 W/app3c   (3): $api.fixStatusBar Function need el param, el param must be DOM Element at api.js : 498
 04-17 14:22:58.807 I/app3c   (2):  at allAreaSupermarket_page.html : 266
 04-17 14:22:58.824 I/app3c   (2): [object Object] at allAreaSupermarket_page.html : 267
 04-17 14:49:21.213 I/app3c   (2):  at allAreaSupermarket_page.html : 266
 04-17 14:49:21.230 I/app3c   (2): [object Object] at allAreaSupermarket_page.html : 267
 04-17 15:01:32.783 E/app3c   (1): Uncaught TypeError: Cannot read property 'screenShot' of undefined at commodity_details_windows.html : 174
 04-17 15:22:04.647 I/app3c   (2): Hello APICloud at index.html : 34
 04-17 15:22:04.655 W/app3c   (3): $api.fixStatusBar Function need el param, el param must be DOM Element at api.js : 498
 04-17 15:22:13.583 I/app3c   (2):  at allAreaSupermarket_page.html : 266
 04-17 15:22:13.584 I/app3c   (2): [object Object] at allAreaSupermarket_page.html : 267
 04-17 15:26:02.594 I/app3c   (2): Hello APICloud at index.html : 34
 04-17 15:26:02.600 W/app3c   (3): $api.fixStatusBar Function need el param, el param must be DOM Element at api.js : 498
 04-17 15:27:09.821 I/app3c   (2): Hello APICloud at index.html : 34
 04-17 15:27:09.838 W/app3c   (3): $api.fixStatusBar Function need el param, el param must be DOM Element at api.js : 498
 04-17 15:27:17.720 I/app3c   (2):  at allAreaSupermarket_page.html : 266
 04-17 15:27:17.721 I/app3c   (2): [object Object] at allAreaSupermarket_page.html : 267
 04-17 15:29:20.923 I/app3c   (2): Hello APICloud at index.html : 34
 04-17 15:29:20.931 W/app3c   (3): $api.fixStatusBar Function need el param, el param must be DOM Element at api.js : 498
 04-17 15:31:41.100 I/app3c   (2): Hello APICloud at index.html : 34
 04-17 15:31:41.104 W/app3c   (3): $api.fixStatusBar Function need el param, el param must be DOM Element at api.js : 498
 04-17 15:34:45.881 I/app3c   (2): Hello APICloud at index.html : 34
 04-17 15:34:45.886 W/app3c   (3): $api.fixStatusBar Function need el param, el param must be DOM Element at api.js : 498
 04-17 15:36:05.055 I/app3c   (2): Hello APICloud at index.html : 34
 04-17 15:36:05.061 W/app3c   (3): $api.fixStatusBar Function need el param, el param must be DOM Element at api.js : 498
 04-17 15:36:53.314 I/app3c   (2): Hello APICloud at index.html : 34
 04-17 15:36:53.324 W/app3c   (3): $api.fixStatusBar Function need el param, el param must be DOM Element at api.js : 498
 04-17 15:37:13.275 I/app3c   (2): Hello APICloud at index.html : 34
 04-17 15:37:13.283 W/app3c   (3): $api.fixStatusBar Function need el param, el param must be DOM Element at api.js : 498
 04-17 15:39:27.483 I/app3c   (2): Hello APICloud at index.html : 34
 04-17 15:39:27.491 W/app3c   (3): $api.fixStatusBar Function need el param, el param must be DOM Element at api.js : 498
 04-17 15:43:16.267 I/app3c   (2): Hello APICloud at index.html : 34
 04-17 15:43:16.270 W/app3c   (3): $api.fixStatusBar Function need el param, el param must be DOM Element at api.js : 498
 04-17 15:43:26.037 E/app3c   (1): Uncaught TypeError: qq.shareNews is not a function at dialog.html : 146
 04-17 15:43:35.639 I/app3c   (2): Hello APICloud at index.html : 34
 04-17 15:43:35.649 W/app3c   (3): $api.fixStatusBar Function need el param, el param must be DOM Element at api.js : 498
 04-17 15:43:41.575 I/app3c   (2): Hello APICloud at index.html : 34
 04-17 15:43:41.580 W/app3c   (3): $api.fixStatusBar Function need el param, el param must be DOM Element at api.js : 498
 04-17 15:44:45.667 I/app3c   (2): Hello APICloud at index.html : 34
 04-17 15:44:45.672 W/app3c   (3): $api.fixStatusBar Function need el param, el param must be DOM Element at api.js : 498
 04-17 15:46:40.399 I/app3c   (2): Hello APICloud at index.html : 34
 04-17 15:46:40.410 W/app3c   (3): $api.fixStatusBar Function need el param, el param must be DOM Element at api.js : 498
 04-17 15:46:58.525 I/app3c   (2): {"msg":"????","code":-4} at dialog.html : 155
 04-17 15:48:33.959 I/app3c   (2): {"msg":"????","code":-4} at dialog.html : 155
 04-17 15:48:38.976 I/app3c   (2): {"msg":"????","code":-4} at dialog.html : 155
 04-17 15:52:50.049 I/app3c   (2): {"msg":"????","code":-4} at dialog.html : 155
 04-17 15:58:04.094 I/app3c   (2): Hello APICloud at index.html : 34
 04-17 15:58:04.098 W/app3c   (3): $api.fixStatusBar Function need el param, el param must be DOM Element at api.js : 498
 04-17 15:59:01.648 I/app3c   (2): Hello APICloud at index.html : 34
 04-17 15:59:01.653 W/app3c   (3): $api.fixStatusBar Function need el param, el param must be DOM Element at api.js : 498
 04-17 15:59:49.731 I/app3c   (2): Hello APICloud at index.html : 34
 04-17 15:59:49.735 W/app3c   (3): $api.fixStatusBar Function need el param, el param must be DOM Element at api.js : 498
 04-17 15:59:58.199 I/app3c   (2): Hello APICloud at index.html : 34
 04-17 15:59:58.202 W/app3c   (3): $api.fixStatusBar Function need el param, el param must be DOM Element at api.js : 498
 04-17 16:01:11.751 I/app3c   (2): Hello APICloud at index.html : 34
 04-17 16:01:11.755 W/app3c   (3): $api.fixStatusBar Function need el param, el param must be DOM Element at api.js : 498
 04-17 16:02:54.162 I/app3c   (2): Hello APICloud at index.html : 34
 04-17 16:02:54.171 W/app3c   (3): $api.fixStatusBar Function need el param, el param must be DOM Element at api.js : 498
 04-17 16:03:32.412 I/app3c   (2): Hello APICloud at index.html : 34
 04-17 16:03:32.420 W/app3c   (3): $api.fixStatusBar Function need el param, el param must be DOM Element at api.js : 498
 04-17 16:04:15.868 I/app3c   (2): Hello APICloud at index.html : 34
 04-17 16:04:15.881 W/app3c   (3): $api.fixStatusBar Function need el param, el param must be DOM Element at api.js : 498
 04-17 16:04:41.441 I/app3c   (2): Hello APICloud at index.html : 34
 04-17 16:04:41.444 W/app3c   (3): $api.fixStatusBar Function need el param, el param must be DOM Element at api.js : 498
 04-17 16:05:51.254 I/app3c   (2): Hello APICloud at index.html : 34
 04-17 16:05:51.267 W/app3c   (3): $api.fixStatusBar Function need el param, el param must be DOM Element at api.js : 498
 04-17 16:06:28.612 I/app3c   (2): Hello APICloud at index.html : 34
 04-17 16:06:28.620 W/app3c   (3): $api.fixStatusBar Function need el param, el param must be DOM Element at api.js : 498
 04-17 16:07:12.616 I/app3c   (2): Hello APICloud at index.html : 34
 04-17 16:07:12.625 W/app3c   (3): $api.fixStatusBar Function need el param, el param must be DOM Element at api.js : 498
 04-17 16:09:14.753 I/app3c   (2): Hello APICloud at index.html : 34
 04-17 16:09:14.761 W/app3c   (3): $api.fixStatusBar Function need el param, el param must be DOM Element at api.js : 498
 04-17 16:10:15.594 I/app3c   (2): Hello APICloud at index.html : 34
 04-17 16:10:15.595 W/app3c   (3): $api.fixStatusBar Function need el param, el param must be DOM Element at api.js : 498
 04-17 16:10:35.349 I/app3c   (2): Hello APICloud at index.html : 34
 04-17 16:10:37.022 W/app3c   (3): $api.fixStatusBar Function need el param, el param must be DOM Element at api.js : 498
 04-17 16:11:09.276 I/app3c   (2): Hello APICloud at index.html : 34
 04-17 16:11:09.281 W/app3c   (3): $api.fixStatusBar Function need el param, el param must be DOM Element at api.js : 498
 04-17 16:12:02.197 I/app3c   (2): Hello APICloud at index.html : 34
 04-17 16:12:03.663 W/app3c   (3): $api.fixStatusBar Function need el param, el param must be DOM Element at api.js : 498
 04-17 16:14:00.135 I/app3c   (2): Hello APICloud at index.html : 34
 04-17 16:14:00.141 W/app3c   (3): $api.fixStatusBar Function need el param, el param must be DOM Element at api.js : 498
 04-17 16:14:44.063 I/app3c   (2): Hello APICloud at index.html : 34
 04-17 16:14:44.065 W/app3c   (3): $api.fixStatusBar Function need el param, el param must be DOM Element at api.js : 498
 04-17 16:15:32.945 I/app3c   (2): Hello APICloud at index.html : 34
 04-17 16:15:32.956 W/app3c   (3): $api.fixStatusBar Function need el param, el param must be DOM Element at api.js : 498
 04-17 16:19:16.917 I/app3c   (2): Hello APICloud at index.html : 34
 04-17 16:19:16.923 W/app3c   (3): $api.fixStatusBar Function need el param, el param must be DOM Element at api.js : 498
 04-17 16:22:43.218 I/app3c   (2): Hello APICloud at index.html : 34
 04-17 16:22:43.224 W/app3c   (3): $api.fixStatusBar Function need el param, el param must be DOM Element at api.js : 498
